
> sharawla-pos-windows@10.5.4-beta.58.31 check
> npm run sync-version && node scripts/check-runtime-syntax.js && node scripts/check-beta58-27-nav-foreach.js && node scripts/check-beta58-29-migration-probe.js && node scripts/check-point4-stock-v2-foundation.js && node scripts/check-point4-stock-reconciliation-auditor.js && node scripts/check-point4-stock-v2-controlled-cutover.js && node scripts/check-point4-stock-v2-cutover-hooks.js && node scripts/check-beta28-fixes.js && node scripts/check-beta29-functional.js && node scripts/check-beta30-pharmacy.js && node scripts/check-beta31-pharmacy-ui.js && node scripts/check-beta32-capabilities.js && node scripts/check-beta33-cloud-runtime-v2.js && node scripts/check-beta34-feature-consumption.js && node scripts/check-beta35-feature-behavior.js && node scripts/check-beta36-multi-engine.js && node scripts/check-beta36-landed-cost.js && node scripts/check-beta37-variants-startup.js && node scripts/check-beta38-retail-variants-runtime.js && node scripts/check-beta39-capability-v3.js && node scripts/check-beta40-variants-acceptance.js && node scripts/check-beta41-purchasing-acceptance.js && node scripts/check-beta42-capability-module-registry.js && node scripts/check-beta43-offline-core.js && node scripts/check-beta44-offline-storage.js && node scripts/check-beta45-offline-v2-foundation.js && node scripts/check-beta45-offline-v2-storage.js && node scripts/check-beta45-offline-v2-sync.js && node scripts/check-beta45-offline-v2-takeover.js && node scripts/check-beta45-offline-v2-transport.js && node scripts/check-beta45-offline-v2-diagnostics.js && node scripts/check-beta45-offline-v2-inventory.js && node scripts/check-beta45-offline-v2-inbox.js && node scripts/check-beta45-offline-v2-safety.js && node scripts/check-beta-self-test.js && node scripts/check-offline-ownership-consolidation.js && node scripts/check-beta45-offline-v2-acceptance-harness.js && node scripts/check-offline-runtime-acceptance-coverage.js && node scripts/check-offline-shift-lifecycle-acceptance.js && node scripts/check-offline-http503-recovery-acceptance.js && node scripts/check-runtime-snapshot-anti-rollback-runtime-acceptance.js && node scripts/check-cross-profile-offline-commerce-scope.js && node scripts/check-point15-focused-acceptance-runner.js && node scripts/check-point15-offline-final-closure-matrix.js && node scripts/check-beta45-final-integration.js && node scripts/check-owner-diagnostics.js && node scripts/check-retail-finalization.js && node scripts/check-update-recovery.js && node scripts/check-beta46-acceptance-center.js && node scripts/check-beta48-acceptance-harness.js && node scripts/check-beta49-takeover-safety.js && node scripts/check-beta50-transport-url.js && node scripts/check-beta51-final-offline-acceptance.js && node scripts/check-beta52-crash-evidence.js && node scripts/check-beta53-retail-coverage-stage2.js && node scripts/check-beta54-shared-core.js && node scripts/check-beta54-shared-core-runtime-coverage.js && node scripts/check-purchasing-attachments-v1.js && node scripts/check-beta55-shared-workflows.js && node scripts/check-beta55-restaurant-closure.js && node scripts/check-permissions-v2-profile-feature-applicability.js && node scripts/check-permissions-v2-restaurant-f1-f5-applicability.js && node scripts/check-permissions-v2-sh0007-cloud-projection.js && node scripts/check-permissions-v2-trusted-profile-binding.js && node scripts/check-permissions-v2-effective-evaluator.js && node scripts/check-permissions-v2-ui-filtering.js && node scripts/check-permissions-v2-role-defaults.js && node scripts/check-permissions-v2-owner-customers-create.js && node scripts/check-permissions-v2-owner-customers-edit-address.js && node scripts/audit-permissions-v2-shift-expense-provenance.js && node scripts/check-permissions-v2-owner-shifts-expenses.js && node scripts/check-permissions-v2-owner-delivery-settings.js && node scripts/check-permissions-v2-f1-f4-runtime-routing.js && node scripts/check-permissions-v2-f2-f4-transition-compatibility.js && node scripts/audit-permissions-v2-order-lifecycle.js && node scripts/check-permissions-v2-owner-order-fulfillment.js && node scripts/check-permissions-v2-owner-order-driver-assignment.js && node scripts/check-permissions-v2-owner-website-payment-review.js && node scripts/check-permissions-v2-delivery-completion-routing.js && node scripts/check-permissions-v2-orders-closure-readiness.js && node scripts/check-permissions-v2-orders-privilege-closure.js && node scripts/check-permissions-v2-offline-order-status-owner.js && node scripts/check-permissions-v2-offline-order-status-transport.js && node scripts/check-offline-order-status-binding-acceptance.js && node scripts/check-permissions-v2-offline-order-status-replay.js && node scripts/check-online-to-offline-order-continuation.js && node scripts/check-offline-order-status-local-projection.js && node scripts/check-offline-order-status-post-sync-reconcile.js && node scripts/check-beta55-restaurant-acceptance.js && node scripts/check-beta55-navigation-parity.js && node scripts/check-product-map-navigation-v1.js && node scripts/check-inventory-overview-v1.js && node scripts/check-touch-customer-v1.js && node scripts/check-pos-profile-routing-v1.js && node scripts/check-settings-hub-v1.js && node scripts/check-kitchen-labels-plan-v1.js && node scripts/check-shared-inventory-purchasing-routing-v1.js && node scripts/check-restaurant-acceptance-stage-v1.js && node scripts/check-point4-secure-uuid-v4.js && node scripts/check-beta58-26-restaurant-point4-canonical-tx.js && node scripts/check-beta55-print-order-type.js && node scripts/check-beta56-runtime-snapshot-consumer.js && node scripts/check-beta56-1-runtime-acceptance-corrective.js && node scripts/check-offline-auth-authoritative-order.js && node scripts/check-beta55-5-runtime-hardening.js && node scripts/check-delivery-completion-payment-refresh.js && node scripts/check-delivery-payment-change-ui.js && node scripts/check-delivery-settlement-runtime-ownership.js && node scripts/check-shift-close-pending-custody-guard.js && node scripts/check-pos-delivery-cart-layout.js && node scripts/check-rc1-customer-sale-linkage-consolidated-v2.js && node scripts/check-rc1-pending-sale-return-v1.js && node scripts/check-rc1-driver-custody-local-projection.js && node scripts/check-rc1-inventory-complete-snapshot.js && node scripts/check-rc1-delivery-server-guard.js && node scripts/check-rc1-official-number-reconciliation.js && node scripts/check-rc1-online-only-storage-admin.js && node scripts/check-rc1-printer-failure-no-duplicate.js && node scripts/check-legacy-settlement-v2-routing.js && npm run check:online-orders && node scripts/check-version.js && node scripts/check-sh0007-test-queue-reset.js && node scripts/check-offline-customer-delivery-owner-design.js


> sharawla-pos-windows@10.5.4-beta.58.31 sync-version
> node scripts/sync-version.js

Version sync OK: 10.5.4-beta.58.31 (beta) — Beta55 Restaurant Closure / Shared Warehouse V2 / Acceptance synchronized
Runtime syntax check OK: main-beta23.js, main-beta44.js, sharawla-runtime-core.js, sharawla-capabilities.js, sharawla-capabilities-beta33.js, sharawla-capabilities-v3.js, sharawla-capability-runtime-bridge.js, sharawla-feature-consumption.js, sharawla-cloud-runtime-v2.js, restaurant-engine.js, retail-engine.js, pharmacy-engine.js, service-engine.js, warehouse-engine.js, membership-engine.js, logistics-engine.js, retail-website-pos.js, profile-parity-ui.js, beta22-runtime-fixes.js, beta23-full-retail.js, retail-finalization-ui.js, beta28-runtime-fixes.js, owner-diagnostics.js, beta29-retail-functional-finalization.js, pharmacy-ui.js, retail-variants-runtime-bridge.js, retail-variants-ui.js, retail-variants-startup-hotfix.js, advanced-purchasing-v1.js, food-recipe-runtime-bridge.js, beta55-restaurant-closure-ui.js, beta55-navigation-parity.js, permissions-v2-customers-create-routing.js, permissions-v2-customers-edit-address-routing.js, permissions-v2-expense-edit-routing.js, permissions-v2-delivery-settings-routing.js, beta36-offline-v2.js, permissions-v2-ui.js, shared-business-core-v1.js, beta54-shared-core-ui.js, purchasing-attachments-v1.js, beta55-ui-workflow-fixes.js, beta55-ui-hardening.js, beta55-central-warehouse-ui.js, beta55-central-warehouse-v2.js, beta55-emergency-permission-hardening.js, printing-v2.js, landed-cost-posting-v1.js, commerce-orders-v2-ui.js, reports-v2-ui.js, finance-b2b-ui.js, service-v1-ui.js, warehouse-v1-ui.js, membership-v1-ui.js, logistics-v1-ui.js, app.js, beta43-offline-core.js, beta44-offline-storage-recovery.js, beta44-finance-b2b-inject-shim.js, beta45-offline-v2-native-store.js, beta45-offline-v2-runtime-takeover.js, beta45-offline-v2-transport-runtime.js, beta47-performance-sync-hotfix.js, beta49-takeover-activation-safety.js, beta55-4-runtime-recovery.js, beta55-5-runtime-hardening.js, owner-acceptance-registry-v55.js, owner-acceptance-lazy-loader-v47.js, owner-acceptance-ui-v47.js, owner-acceptance-beta55-v55.js, owner-acceptance-beta55-permissions-v55.js, owner-acceptance-beta55-restaurant-v55.js, owner-acceptance-beta55-navigation-v55.js, owner-acceptance-shared-core-v54.js, owner-acceptance-shared-core-extra-v54.js, owner-acceptance-purchasing-attachments-v54.js
Beta58.30 practical Offline RC1 regression gate PASS
Official numbering contract: local reference only → server allocation → ACK reconciliation
beta58.28 selector forEach corrective PASS
beta58.29 stable migration compatibility probe PASS
Point 4B-1 canonical location + stock V2 foundation static check passed.
Point 4B-3A read-only reconciliation auditor static check passed.
Point 4B-3B controlled canonical opening/cutover static check passed.
Point 4B-4 Legacy writer hooks/workflow barriers static check passed.
Beta28 Owner/User/Home regression gate OK on 10.5.4-beta.58.31
PASS: package version beta29+ regression gate
PASS: Beta29 runtime markers
PASS: Retail promoCodes route
PASS: Beta29 runtime loaded
PASS: Login developer contact preserved
Beta29 functional finalization regression gate passed.
Beta30+ Pharmacy static gate OK on 10.5.4-beta.58.31
Beta31 Pharmacy UI runtime regression gate OK
Beta32 Capability registry gate OK: features=65; profiles=6
Beta33 Cloud Runtime V2 gate OK.
Beta34 Feature Consumption gate OK.
Beta35 Feature Behavior gate OK.
Beta36+ multi-engine regression gate passed on 10.5.4-beta.58.31.
Beta36 Landed Cost safety gate passed.
Beta37+ Variants startup gate OK on 10.5.4-beta.58.31 — single Retail Engine loader
Beta38 Retail Variants runtime gate passed.
Beta39 Capability Runtime V3 parity gate OK.
Beta40 Variants acceptance gate OK.
Beta41 Purchasing acceptance gate OK.
Beta42 Capability Registry + canonical Retail Recipe composition gates OK.
Beta43 Offline Core closure gates OK.
Beta44 Offline Storage recovery gates OK.
Beta45 Offline Engine V2 foundation gate PASS
Beta45 Offline V2 native storage + atomic transaction gate PASS
Beta45 Offline V2 Phase 3 explicit ACK / idempotent sync gate PASS
Beta45 Offline V2 controlled migration + generic runtime takeover gate PASS
Beta45 Offline V2 Phase 5 authoritative transport / conflict / retry / DLQ gate PASS
Beta45 Offline V2 Phase9 diagnostics / support bundle / safe retry gate PASS
Beta45 Offline V2 Phase 6 inventory ledger / stock policy gate PASS
Beta45 Offline V2 Phase 7 Inbox / Customers / Website / Order Events gate PASS
Beta45 Offline V2 Phase 8 Offline Auth / Guards / Recovery / Reports gate PASS
Beta Self-Test current profile-aware read-only gate OK: 10.5.4-beta.58.31
Offline Ownership Consolidation gate PASS — Native V2 sole ACTIVE owner / legacy historical evidence frozen / recovery filtered
Beta45 Offline V2 Phase 9 diagnostics/self-test/acceptance harness PASS — matrix=28
Offline Runtime Acceptance Coverage Audit PASS
{
  "executable_runtime": [
    "retail.offline-sale-sync",
    "retail.lost-ack-idempotency",
    "offline.order-status-runtime-e2e",
    "offline.expense-runtime-e2e",
    "offline.return-runtime-e2e",
    "offline.customer-create-runtime-e2e",
    "offline.customer-dependent-address-runtime-e2e",
    "offline.customer-mutations-runtime-e2e",
    "offline.delivery-driver-runtime-e2e",
    "offline.delivery-economic-runtime-e2e"
  ],
  "executable_online_business_semantics": [
    "beta55.delivery-settlement-shift-cash"
  ],
  "source_contract_only": [
    "offline_order_status routing/binding/replay guards (plus executable runtime E2E)"
  ],
  "declared_matrix_not_e2e": [],
  "known_gap": [],
  "intentional_boundary": [
    "offline delivery payment-method change requires reconnect + fresh server eligibility"
  ]
}
Offline shift lifecycle acceptance static gate PASS
Offline HTTP503 durability/recovery/exactly-once static gate PASS
Runtime Snapshot isolated anti-rollback runtime acceptance static gate PASS
Cross-profile Offline commerce scope static gate PASS
Point15 focused acceptance runner static gate PASS
Point15 Offline/Sync final closure matrix checker PASS
state=POINT15_CLOSED
focused_run=ACC-20260926-065330-BYFAZ
pending=none
Offline V2 FINAL INTEGRATION gate PASS on 10.5.4-beta.58.31 — version/cache/runtime wiring/explicit takeover safety verified
Owner diagnostics + Retail delivery gate OK
Retail finalization gate OK on 10.5.4-beta.58.31
Beta44 -> Beta23 stale pending updater recovery chain OK.
Beta47 Acceptance gate PASS — lazy owner loading / event-driven UI / permanent legacy conflict quarantine / sandbox E2E contracts verified
Beta48+ Acceptance Harness gate PASS — local-first offline path / clean flaky history / 20x diagnostics / owner reattach / production invariants verified
Beta49 Takeover Safety gate PASS — SH-0007-only explicit activation / canonical acceptance context / conflict-preserving migration verified
Beta50+ Transport URL gate PASS on 10.5.4-beta.58.31 — valid Supabase root URL accepted without weakening HTTPS/host attestation guards
Beta51+ Final Offline Acceptance regression gate PASS on 10.5.4-beta.58.31 — durable sale reuse fix preserved; owner harness loads after fix
Beta52+ Crash Evidence regression gate PASS on 10.5.4-beta.58.31 — guided crash completion remains durable, reportable, idempotently readable, and zero-residue verified
Beta53+ Retail Acceptance Coverage Stage 2 gate PASS — preserved on 10.5.4-beta.58.31
Beta54 Shared Business Core regression gate PASS on 10.5.4-beta.58.31 — customers + HR + advances + adjustments + payroll + treasury + action permissions + branch scope + audit + runtime acceptance + exact cleanup
Beta54 Shared Core Runtime Coverage regression gate PASS on 10.5.4-beta.58.31 — customer create/duplicate/audit/cleanup + manual treasury idempotency/audit/cleanup + permission-gated UI visibility
Purchasing Attachments V1 regression gate PASS on 10.5.4-beta.58.31 — private Storage + Storage API cleanup + runtime upload/read/archive/delete roundtrip + exact cleanup + permissions/audit + owner acceptance wiring
Beta55 shared workflow / Warehouse V2 / explicit permission boundaries / v55 Acceptance static gate OK.
Beta55 Restaurant Closure source gate OK
PV2-A profile/feature applicability PASS — actions=87 mappings=307
PV2 Restaurant F1-F5 applicability ownership: PASS
PV2 SH-0007 Cloud projection artifact: PASS
PV2-B trusted operational profile binding SOURCE PASS
PV2-C effective permission evaluator SOURCE PASS
PV2-D profile/feature-aware UI filtering SOURCE PASS
PV2-E role defaults + legacy-preservation SOURCE PASS
PV2-F1 Customers Create RUNTIME CUTOVER PASS — direct=0 routed=3
PV2-F2 Customers Edit/Address RUNTIME CUTOVER PASS — {"customerPatches":0,"addressPosts":0,"addressPatches":0,"addressDeletes":0} routed=6
OWNER_PROVENANCE open_pos_shift_idempotent(bigint,numeric,text)
  source supabase-v10-3-windows-offline-shifts.sql:7
OWNER_PROVENANCE close_pos_shift_idempotent(bigint,numeric,jsonb,text)
  source supabase-beta58-13-legacy-shift-close-custody-guard.sql:5
  source supabase-v10-3-windows-offline-shifts.sql:23
OWNER_PROVENANCE close_pos_shift_v2(bigint,numeric,jsonb,text)
  source supabase-beta55-delivery-settlement-shift-cash.sql:452
  source supabase-beta58-12-shift-close-custody-guard.sql:7
OWNER_PROVENANCE create_pos_expense_idempotent(bigint,text,numeric,text)
  source supabase-v9-8-1-offline-operations.sql:27
PV2 Shift/Expense owner provenance NEGATIVE REPLACEMENT SCAN PASS
PV2-F3 Shift/Expense RUNTIME CUTOVER PASS — routed=1
PV2-F4 Delivery Drivers/Zones RUNTIME CUTOVER PASS — {"driverPost":0,"driverPatch":0,"driverDelete":0,"zonePost":0,"zonePatch":0,"zoneDelete":0} routed=8
PV2 F1-F4 runtime routing: PASS
PV2 F1-F4 fail-closed cutover compatibility: PASS
PV2-F5 order lifecycle audit PASS {"directPatch":0,"fulfillmentRoutes":4,"driverRoutes":1}
PV2-F5A Order Fulfillment RENDERER ROUTING PASS — remaining direct PATCH=0; routerRefs=4; {"preparing":0,"ready":0,"completed":0,"out_for_delivery":0,"delivered":0}
PV2-F5B Driver Assignment RENDERER ROUTING PASS — direct assignment paths=0
PV2-F5D Website Payment Review SOURCE PREP PASS — runtime calls=3
PV2-F5C Delivery Completion routing proof PASS — direct Orders PATCH=0; online owner calls=2; offline durable delivered routing active; custody/payment/settlement owner frozen
PV2-F5E readiness PASS — renderer direct PATCH=0; Offline delivery/status routed; specialized owners present; closure artifact may now be prepared (SOURCE ONLY)
PV2-F5E Orders privilege closure SOURCE ARTIFACT PASS — NOT DEPLOYED
Offline V2 order-status owner SOURCE PASS — coordinated transport wiring present
Offline V2 order-status transport SOURCE WIRING PASS — DB/runtime deployment still unauthorized
Offline order status binding focused SOURCE ACCEPTANCE PASS — malformed binding is fail-closed before sequence/outbox; correct transport binding is present
Offline order-status replay/dependency static proof PASS
Online -> Offline order continuation SOURCE PROOF PASS: existing numeric server IDs continue offline; local IDs remain dependency-gated.
Offline order status local projection SOURCE PASS
Offline order status post-sync reconciliation SOURCE PASS
Beta55 Restaurant formal acceptance static gate OK
Beta55 Sidebar ↔ Dashboard navigation parity static gate OK
Restaurant Product Map Navigation V1: PASS
mode=restaurant-product-map; presentation-only; registry=read-only-metadata; shared-inventory-owner=core-profile-router; permissions=unchanged
Core Inventory Overview V1: PASS
mode=read-only; core-route=inventory; profile-aware=true; restaurant-fallback=false; stock-writes=none
Customer + Touch UX V1: PASS
touch=coarse-pointer-only; manual-customer=true; point4-acceptance-aligned=true
POS Profile Routing V1: PASS
restaurant=explicit; retail=explicit; pharmacy=delegated; others=fail-closed; pickup=capability-gated; dinein=tables-gated
Settings Hub V1: PASS
writes=existing-handlers; organization=tabs; touch-ready=true; returns-permission=system-only
Kitchen labels + capability plan V1: PASS
Shared Inventory/Purchasing Routing V1: PASS
owner=core; adapters=restaurant,retail; unsupported=fail-closed; business-rpcs=unchanged
Restaurant Full Acceptance Stage Diagnostics: PASS
Point4 Secure UUID V4 Fallback: PASS
native=randomUUID; fallback=getRandomValues; insecure-fallback=none
Beta58.26 Restaurant Point4 Canonical TX Acceptance: PASS
scope=acceptance-only; tx=uuidv4; cleanup=marker+lineage; business-runtime=unchanged
Beta55 print order type gate PASS
Beta56 Runtime Snapshot Consumer Static Acceptance: PASS
signature/hash............... PASS
tamper....................... PASS
unknown signing key.......... PASS
anti-rollback................ PASS
expiry....................... PASS
identity binding............. PASS
atomic state journal......... PASS
crash recovery backup........ PASS
offline last-known-safe...... PASS
network-only fallback........ PASS
verifier fail-closed......... PASS
main IPC integration......... PASS
preload renderer bridge...... PASS
login/online refresh hooks... PASS
Beta56.1 corrective static contract PASS
Offline Auth 55.3 Official app.js Gate: PASS
Online Login + Bootstrap ownership: PASS
app.js -> authEnroll -> persisted credential -> authState READY: PASS
Enrollment failure -> Online remains valid + Offline NOT READY: PASS
No competing enrollment wrapper/monkey patch: PASS
PASS 55.5 hardening synced version
PASS shifts declared full offline
PASS expenses offline create contract
PASS delivery settings cache-read contract
PASS products cache-read contract
PASS non-home navigation leak shield
PASS strict true-home scope
PASS 55.5 loads after 55.4 recovery
PASS loader advertises 55.5 hardening
PASS existing durable offline expense path preserved
PASS existing durable offline shift path preserved
PASS delivery settings renderer present
PASS products renderer present
Beta55.5 runtime hardening gate PASS
PASS — payment resolver is async
PASS — server payment methods refresh
PASS — server branch payment refresh
PASS — delivery awaits fresh methods
PASS — no bootstrap cache payment eligibility
PASS — delivery RPC preserved
Delivery completion payment refresh guard: PASS
PASS — detail action exposed
PASS — only delivery detail states
PASS — settled orders hidden
PASS — interactive owner exists
PASS — fresh payment options reused
PASS — same audited server boundary
PASS — settled change blocked client side
PASS — mixed excluded
Delivery payment change UI guard: PASS
PASS — legacy settlement control removed after V2 cutover
PASS — v2 installs loading state before custody resolver
PASS — v2 pending RPC is authoritative
PASS — v2 settlement RPC is authoritative
PASS — delivery navigation delegates to live runtime owner
PASS — empty pending custody keeps an explicit stable panel
PASS — legacy controls not copied into v2 UI
PASS — rpc/DNS failure degrades to labelled cached custody
PASS — degraded/offline settlement remains fail closed
Driver settlement runtime ownership guard PASS
PASS — Shifts route delegates to live runtime owner
PASS — Static shifts renderer ownership removed
PASS — Wrapper resolves current shift through getOpenShift
PASS — Wrapper no longer looks up current employee through window.state
PASS — Wrapper cache key uses resolved employee
PASS — UI custody guard remains present
PASS — Close handler catches runtime failures
PASS — Legacy close surfaces backend rejection
PASS — V2 backend custody guard remains present
PASS — Legacy backend custody guard remains present
Shift close runtime feedback hotfix PASS
PASS — whole cart keeps Top Burger overflow-hidden ownership
PASS — no delivery-mode whole-cart scroller remains
PASS — no sticky delivery footer override remains
PASS — runtime delivery-mode class remains absent
PASS — ordered-items area has large minimum space
PASS — ordered-items area remains the flex owner
PASS — cashier top is compact
PASS — delivery fields are compact two-column desktop layout
PASS — footer and payment actions are compact
Top Burger cashier layout corrective guard PASS
RC1 consolidated Customer -> Sale linkage V2 gate PASS
RC1 pending Offline sale -> Return dependency gate PASS
RC1 driver custody local projection runtime gate PASS
RC1 Inventory complete snapshot runtime gate PASS
RC1 delivery required-fields server guard SOURCE gate PASS
RC1 official bon/invoice reconciliation gate PASS
RC1 Online-only storage/admin fail-closed gate PASS
RC1 printer failure / reprint no-duplicate source gate PASS
PASS — delivery settings has no settlement panel
PASS — delivery settings has no settlement action
PASS — delivery settings has no settlement history query
PASS — delivery orders v2 enhancement exists
PASS — delivery orders shows custody panel
PASS — delivery orders owns one-order settlement
PASS — delivery orders owns settle-all
PASS — pending source is authoritative v2 rpc
PASS — settlement write is authoritative v2 rpc
PASS — only positive custody is rendered
PASS — wallet/zero custody cannot render as pending
Delivery-orders custody ownership guard PASS

> sharawla-pos-windows@10.5.4-beta.58.31 check:online-orders
> node scripts/check-online-orders-route-foundation.js && node scripts/check-online-orders-readonly-inbox.js && node scripts/check-online-orders-core-boundary.js && node scripts/check-online-orders-accept-boundary.js && node scripts/check-online-orders-reject-boundary.js && node scripts/check-online-orders-delivery-extraction.js && node scripts/check-online-orders-notification-routing.js && node scripts/check-online-orders-fulfillment-handoff.js && node scripts/check-online-orders-lifecycle-model.js && node scripts/check-online-orders-channel-model.js && node scripts/check-online-orders-lifecycle-views.js && node scripts/check-online-orders-identity-dedup.js && node scripts/check-online-orders-performance-pagination.js && node scripts/check-online-orders-capability-permission-boundary.js && node scripts/check-online-orders-navigation-ui.js

Online Orders Route Final Invariants: PASS
Online Orders Inbox Final Invariants: PASS
Online Orders Core Final Boundary: PASS
Online Orders Accept Final Boundary: PASS
Online Orders Reject Final Boundary: PASS
Online Orders Batch 5 Delivery Extraction: PASS
raw_pending_owner=onlineOrders; delivery_owner=canonical-operations; accept_rpc=single; reject_rpc=single
Online Orders Notification Final Routing: PASS
Online Orders Fulfillment Final Handoff: PASS
Online Orders Batch 8 Lifecycle Model: PASS
core=new/accepted/in_fulfillment/completed/rejected/cancelled; restaurant statuses=normalized; db=unchanged
Online Orders Channel Final Model: PASS
Online Orders Lifecycle Views Final: PASS
Online Orders Batch 11 Identity Deduplication: PASS
lineage=website_order->canonical_order; linked_rows=single-entry; actions=raw-new-only; db=unchanged
Online Orders Batch 12 Performance Pagination: PASS
page_size=100; date_window=server-side; source+canonical=paginated; lineage=preserved; db=unchanged
Online Orders Capability Permission Final Boundary: PASS
Online Orders Batch 14 Navigation UI Consolidation: PASS
sidebar=onlineOrders; home=onlineOrders; registry=data-page/index.html; delivery=separate; compat-permission=preserved
Sharawla source checks passed for 10.5.4-beta.58.31.
SH-0007 TEST queue reset SOURCE PASS
Offline Customer + Delivery Owner Design: PASS — wrappers delegate to accepted owners; receipt/digest/replay gates present; no direct business DML
